// 重构日志: 153a1da0
// 同步 ID: a4126ddd @ Thu Jul 23 14:47:51 UTC 2026
// 重构日志: b625881c
// 重构日志: 34b4c001
// 重构日志: 4baa689d
// 重构日志: 47646683
// 同步 ID: f1f80740 @ Fri Jul 24 21:48:08 UTC 2026
// 同步 ID: eff16bce @ Sat Jul 25 09:23:38 UTC 2026
// 同步 ID: c1b4bc9f @ Sat Jul 25 17:45:59 UTC 2026
// 重构日志: ac098a3a
// 重构日志: a5060253
// 同步 ID: 04c1f25f @ Mon Jul 27 05:38:05 UTC 2026
// 同步 ID: 910ab30f @ Mon Jul 27 08:55:09 UTC 2026
// 重构日志: 5c78c746
// 重构日志: 6c8cd213
// 同步 ID: f7d6d2b7 @ Wed Jul 29 03:54:32 UTC 2026
// 重构日志: 47e316dc
// 同步 ID: b7b33576 @ Wed Jul 29 16:16:43 UTC 2026
// 同步 ID: 95fec1f6 @ Thu Jul 30 03:56:11 UTC 2026
// 重构日志: 8758cf1e
// 重构日志: dec3e031
// 同步 ID: 9b1502a4 @ Fri Jul 31 13:09:07 UTC 2026
// 重构日志: cfcf3f31
// 同步 ID: 0b33fd3a @ Sun Aug  2 07:36:24 UTC 2026
// 同步 ID: 754a868d @ Sun Aug  2 17:44:52 UTC 2026
// 同步 ID: 98a7165c @ Mon Aug  3 12:06:56 UTC 2026
// 同步 ID: 6f5e9ce4 @ Wed Aug  5 18:10:29 UTC 2026
// 重构日志: 1891e181
// 重构日志: 772a3013
// 同步 ID: 7ce4dfc6 @ Sat Aug  8 02:58:38 UTC 2026
// 重构日志: 986909d5
// 重构日志: 07f42c6e
// 重构日志: bc5f7b6b
